// Jest Snapshot v1, https://goo.gl/fbAQLP

exports[`<TranscriptionListItem /> should render a ListItem 1`] = `
<li
  class="Wrapper-sc-14y9d5o-0 iLHUmP"
>
  <div
    class="Item-sc-1wdy6vf-0 cuMxiu"
  >
    <div
      class="Wrapper-nauwn6-0 kawEeG"
    />
  </div>
</li>
`;
