// Vitest Snapshot v1

exports[`Item > matches snapshot 1`] = `
"<div data-v-3298ef32=\\"\\" class=\\"item-container\\">
  <div data-v-3298ef32=\\"\\" class=\\"grid-container\\">
    <div data-v-f2e07ba2=\\"\\" data-v-3298ef32=\\"\\" class=\\"checkbox-div\\"><input data-v-f2e07ba2=\\"\\" name=\\"cssCheckbox\\" id=\\"checkbox-1\\" type=\\"checkbox\\" aria-checked=\\"\\" checked=\\"checked\\" class=\\"css-checkbox\\"><label data-v-f2e07ba2=\\"\\" for=\\"checkbox-1\\"></label></div><img data-v-3298ef32=\\"\\" src=\\"src/assets/person.svg\\" alt=\\"person-icon\\">
    <div data-v-3298ef32=\\"\\" class=\\"item-title-wrapper text-margin\\"><textarea data-v-0f426a66=\\"\\" data-v-52cd4611=\\"\\" data-v-3298ef32=\\"\\" placeholder=\\"Insert title...\\" class=\\"title-styles undefined\\" style=\\"height: 0px;\\"></textarea></div><span data-v-3298ef32=\\"\\" data-test=\\"delete-item-span\\" class=\\"delete-span\\"><button data-v-f509f990=\\"\\" data-v-3298ef32=\\"\\" data-test=\\"icon-button\\" aria-label=\\"Icon Button\\" class=\\"icon-button\\"><img data-v-f509f990=\\"\\" src=\\"src/assets/delete.svg\\" alt=\\"button-icon\\"></button></span>
    <div data-v-3298ef32=\\"\\" class=\\"empty-cell\\"></div>
    <div data-v-3298ef32=\\"\\" class=\\"empty-cell\\"></div>
    <div data-v-3298ef32=\\"\\" class=\\"item-body-wrapper text-margin\\"><textarea data-v-0f426a66=\\"\\" data-v-2a797403=\\"\\" data-v-3298ef32=\\"\\" placeholder=\\"Insert content...\\" class=\\"content-styles undefined\\" style=\\"height: 0px;\\"></textarea></div>
  </div>
</div>"
`;
