// Jest Snapshot v1, https://goo.gl/fbAQLP

exports[`<Icon /> should render a svg 1`] = `
<svg
  class="Svg-sc-1x9ofvp-0 cKvrhD"
/>
`;
