// Vitest Snapshot v1

exports[`Content > matches snapshot 1`] = `"<div data-v-c3eac7d6=\\"\\"></div>"`;
